{
  "acceptance_evidence": false,
  "diagnostic_only": true,
  "historical_go_report_sha256": "1c8dc74fb5c3d6d3ef5e6a8f37595c8d9dbacc7ba1f1ed0b7bef21bfb5fad5dd",
  "manifest_sha256": {
    "candidate": "99d11d1f2efd383919663bece6459a0230bc0fe815723ba65b7178e5973c5abc",
    "control": "3a57976f667b9857891edbe9f76de5261c43480ac8c62d946b4545d9ee19d931"
  },
  "modes": {
    "1": {
      "allocated_bytes": {
        "candidate_median": 2243575049,
        "candidate_minus_control": -2398994138,
        "candidate_minus_historical_budget": 208348949.8,
        "candidate_ratio_to_historical_go": 0.7716599816194024,
        "candidate_relative_mad": 8.629085088385648e-07,
        "control_median": 4642569187,
        "control_minus_historical_budget": 2607343087.8,
        "control_relative_mad": 1.4130107136301036e-07,
        "fresh_go_confidence_bound": null,
        "historical_budget": 2035226099.2,
        "historical_budget_exact": {
          "denominator": 5,
          "numerator": 10176130496
        },
        "historical_go_median": 2907465856,
        "same_screen_bootstrap": null,
        "same_screen_ratio": 0.48326152150460133
      },
      "peak_rss_bytes": {
        "candidate_median": 2318663680,
        "candidate_minus_control": -2188001280,
        "candidate_minus_historical_budget": 109715456.0,
        "candidate_ratio_to_historical_go": 0.7347680485968693,
        "candidate_relative_mad": 7.0661390616167324e-06,
        "control_median": 4506664960,
        "control_minus_historical_budget": 2297716736.0,
        "control_relative_mad": 1.090651300601676e-05,
        "fresh_go_confidence_bound": null,
        "historical_budget": 2208948224.0,
        "historical_budget_exact": {
          "denominator": 1,
          "numerator": 2208948224
        },
        "historical_go_median": 3155640320,
        "same_screen_bootstrap": null,
        "same_screen_ratio": 0.5144965735371639
      },
      "wall_time_ns": {
        "candidate_median": 3765817209,
        "candidate_minus_control": -642255207,
        "candidate_minus_historical_budget": 828190334.0,
        "candidate_ratio_to_historical_go": 1.2819249582198897,
        "candidate_relative_mad": 0.00799904969577614,
        "control_median": 4408072416,
        "control_minus_historical_budget": 1470445541.0,
        "control_relative_mad": 0.001116039514719261,
        "fresh_go_confidence_bound": null,
        "historical_budget": 2937626875.0,
        "historical_budget_exact": {
          "denominator": 1,
          "numerator": 2937626875
        },
        "historical_go_median": 2937626875,
        "same_screen_bootstrap": {
          "algorithm": "independent-median-ratio/order-statistic-v1",
          "confidence": 0.95,
          "lower": 0.8385680183954562,
          "resamples": 10000,
          "seed": 21255,
          "upper": 0.8559972459443393
        },
        "same_screen_ratio": 0.8543002141551025
      }
    },
    "8": {
      "allocated_bytes": {
        "candidate_median": 2243578084,
        "candidate_minus_control": -2398992458,
        "candidate_minus_historical_budget": 207811489.6,
        "candidate_ratio_to_historical_go": 0.7714561497964229,
        "candidate_relative_mad": 7.202780288880732e-07,
        "control_median": 4642570542,
        "control_minus_historical_budget": 2606803947.6,
        "control_relative_mad": 2.3823009041959325e-07,
        "fresh_go_confidence_bound": null,
        "historical_budget": 2035766594.4,
        "historical_budget_exact": {
          "denominator": 5,
          "numerator": 10178832972
        },
        "historical_go_median": 2908237992,
        "same_screen_bootstrap": null,
        "same_screen_ratio": 0.4832620341905405
      },
      "peak_rss_bytes": {
        "candidate_median": 2321956864,
        "candidate_minus_control": -2187280384,
        "candidate_minus_historical_budget": 104911667.2,
        "candidate_ratio_to_historical_go": 0.733124343674183,
        "candidate_relative_mad": 2.822446920357604e-05,
        "control_median": 4509237248,
        "control_minus_historical_budget": 2292192051.2,
        "control_relative_mad": 1.4533721868164609e-05,
        "fresh_go_confidence_bound": null,
        "historical_budget": 2217045196.8,
        "historical_budget_exact": {
          "denominator": 5,
          "numerator": 11085225984
        },
        "historical_go_median": 3167207424,
        "same_screen_bootstrap": null,
        "same_screen_ratio": 0.5149333992195392
      },
      "wall_time_ns": {
        "candidate_median": 814478917,
        "candidate_minus_control": -177433333,
        "candidate_minus_historical_budget": 180516084.0,
        "candidate_ratio_to_historical_go": 1.284742377003038,
        "candidate_relative_mad": 0.005976470229492754,
        "control_median": 991912250,
        "control_minus_historical_budget": 357949417.0,
        "control_relative_mad": 0.006052786423395819,
        "fresh_go_confidence_bound": null,
        "historical_budget": 633962833.0,
        "historical_budget_exact": {
          "denominator": 1,
          "numerator": 633962833
        },
        "historical_go_median": 633962833,
        "same_screen_bootstrap": {
          "algorithm": "independent-median-ratio/order-statistic-v1",
          "confidence": 0.95,
          "lower": 0.8138679064351806,
          "resamples": 10000,
          "seed": 21255,
          "upper": 0.8311775294736472
        },
        "same_screen_ratio": 0.8211199297115244
      }
    }
  },
  "scope": "Same-screen candidate/control comparison; old Go medians only price gate distance. No fresh Go ratio confidence or promotion decision.",
  "screen_sha256": "8a5a851ad6b3d343f3c1a2642fc164041d70ac045c0dd0657fb9de4d1a24d676",
  "screening_status": "eligible_for_review"
}
{
  "diagnostic_only": true,
  "no_workload_or_compiler_execution": true,
  "verified_members": 1156,
  "candidate_manifest_sha256": "99d11d1f2efd383919663bece6459a0230bc0fe815723ba65b7178e5973c5abc",
  "source_files": 288,
  "graphs": {
    "files_per_mode": 13094,
    "fresh_go_execution": false,
    "no_workload_execution_during_replay": true,
    "verified": true,
    "workers": [
      1,
      8
    ]
  },
  "samples": 56,
  "warmups": 8,
  "screen": {
    "modes": {
      "1": {
        "wall_time_ns": {
          "control_median": 4408072416,
          "candidate_median": 3765817209,
          "ratio": 0.8543002141551025,
          "control_relative_mad": 0.001116039514719261,
          "candidate_relative_mad": 0.00799904969577614,
          "bootstrap": {
            "algorithm": "independent-median-ratio/order-statistic-v1",
            "seed": 21255,
            "resamples": 10000,
            "confidence": 0.95,
            "lower": 0.8385680183954562,
            "upper": 0.8559972459443393
          },
          "samples_per_variant": 7,
          "values": {
            "control": [
              4406246458,
              4405096875,
              4497059708,
              4408072416,
              4440995792,
              4403152833,
              4441342417
            ],
            "candidate": [
              3770702875,
              3720605917,
              3771734833,
              3735694250,
              3765817209,
              3797409583,
              3724077041
            ]
          },
          "ranges": {
            "control": [
              4403152833,
              4497059708
            ],
            "candidate": [
              3720605917,
              3797409583
            ]
          }
        },
        "peak_rss_bytes": {
          "control_median": 4506664960,
          "candidate_median": 2318663680,
          "ratio": 0.5144965735371639,
          "control_relative_mad": 1.090651300601676e-05,
          "candidate_relative_mad": 7.0661390616167324e-06,
          "samples_per_variant": 7,
          "values": {
            "control": [
              4506648576,
              4506599424,
              4506664960,
              4506599424,
              4506861568,
              4506681344,
              4506714112
            ],
            "candidate": [
              2318663680,
              2318663680,
              2318729216,
              2318680064,
              2318663680,
              2318630912,
              2318647296
            ]
          },
          "ranges": {
            "control": [
              4506599424,
              4506861568
            ],
            "candidate": [
              2318630912,
              2318729216
            ]
          }
        },
        "allocated_bytes": {
          "control_median": 4642569187,
          "candidate_median": 2243575049,
          "ratio": 0.48326152150460133,
          "control_relative_mad": 1.4130107136301036e-07,
          "candidate_relative_mad": 8.629085088385648e-07,
          "samples_per_variant": 7,
          "values": {
            "control": [
              4642571411,
              4642569475,
              4642569187,
              4642565779,
              4642568083,
              4642568819,
              4642569843
            ],
            "candidate": [
              2243576809,
              2243577625,
              2243575049,
              2243573113,
              2243579017,
              2243575049,
              2243572841
            ]
          },
          "ranges": {
            "control": [
              4642565779,
              4642571411
            ],
            "candidate": [
              2243572841,
              2243579017
            ]
          }
        }
      },
      "8": {
        "wall_time_ns": {
          "control_median": 991912250,
          "candidate_median": 814478917,
          "ratio": 0.8211199297115244,
          "control_relative_mad": 0.006052786423395819,
          "candidate_relative_mad": 0.005976470229492754,
          "bootstrap": {
            "algorithm": "independent-median-ratio/order-statistic-v1",
            "seed": 21255,
            "resamples": 10000,
            "confidence": 0.95,
            "lower": 0.8138679064351806,
            "upper": 0.8311775294736472
          },
          "samples_per_variant": 7,
          "values": {
            "control": [
              980939084,
              994769792,
              985908417,
              1023674500,
              1000443667,
              991912250,
              988120583
            ],
            "candidate": [
              808135042,
              809611208,
              814398750,
              821303625,
              814478917,
              817299833,
              823463583
            ]
          },
          "ranges": {
            "control": [
              980939084,
              1023674500
            ],
            "candidate": [
              808135042,
              823463583
            ]
          }
        },
        "peak_rss_bytes": {
          "control_median": 4509237248,
          "candidate_median": 2321956864,
          "ratio": 0.5149333992195392,
          "control_relative_mad": 1.4533721868164609e-05,
          "candidate_relative_mad": 2.822446920357604e-05,
          "samples_per_variant": 7,
          "values": {
            "control": [
              4509204480,
              4509270016,
              4509335552,
              4509302784,
              4509155328,
              4509237248,
              4509155328
            ],
            "candidate": [
              2322022400,
              2321956864,
              2321940480,
              2322350080,
              2321874944,
              2322022400,
              2321956864
            ]
          },
          "ranges": {
            "control": [
              4509155328,
              4509335552
            ],
            "candidate": [
              2321874944,
              2322350080
            ]
          }
        },
        "allocated_bytes": {
          "control_median": 4642570542,
          "candidate_median": 2243578084,
          "ratio": 0.4832620341905405,
          "control_relative_mad": 2.3823009041959325e-07,
          "candidate_relative_mad": 7.202780288880732e-07,
          "samples_per_variant": 7,
          "values": {
            "control": [
              4642572224,
              4642568498,
              4642570542,
              4642570462,
              4642568414,
              4642570702,
              4642571648
            ],
            "candidate": [
              2243581252,
              2243576260,
              2243575380,
              2243579156,
              2243578084,
              2243576468,
              2243578692
            ]
          },
          "ranges": {
            "control": [
              4642568414,
              4642572224
            ],
            "candidate": [
              2243575380,
              2243581252
            ]
          }
        }
      }
    },
    "screening_status": "eligible_for_review",
    "nonregression_conditions_met": true,
    "targeted_pipeline_win": true,
    "requires_separate_target_cost_and_semantic_review": true
  },
  "local_scope_paths": [
    {
      "bound_in_place_files": 13094,
      "checked_scope_files": 0,
      "fallback_files": 0,
      "files": 13094,
      "loaded_input_sha256": "d4ff2ad3b0d590babb596522a7105d961dbb3c4f2ebc987488d88b7ebd8e0c88",
      "local_scope_files": 13094,
      "version": 1,
      "workers": 1
    },
    {
      "bound_in_place_files": 13094,
      "checked_scope_files": 0,
      "fallback_files": 0,
      "files": 13094,
      "loaded_input_sha256": "d4ff2ad3b0d590babb596522a7105d961dbb3c4f2ebc987488d88b7ebd8e0c88",
      "local_scope_files": 13094,
      "version": 1,
      "workers": 8
    }
  ],
  "historical_distances_replayed": true,
  "phase_capture": "none for v2",
  "corrected_e3": {
    "status": "passed",
    "record_sha256": "162878622bd056fea3130d3fd4e7c50c40c6f174df424df0f02796ccf7803882",
    "metrics": {
      "address_sanitizer": true,
      "ast_runtime": true,
      "ast_runtime_address_sanitizer": true,
      "ast_runtime_debug": true,
      "ast_runtime_miri": true,
      "ast_runtime_release": true,
      "ast_runtime_tests": 29,
      "concurrent_lazy_storage": true,
      "id_exhaustion": true,
      "live_allocation_delta": 0,
      "live_owner_delta": 0,
      "mapper_bundle_disposal": true,
      "miri": true,
      "program_ownership_tests": 76,
      "retained_snapshot_edit": true,
      "retained_snapshot_edit_address_sanitizer": true,
      "retained_snapshot_edit_debug": true,
      "retained_snapshot_edit_miri": true,
      "retained_snapshot_edit_release": true,
      "shared_bound_file": true,
      "shared_bound_file_address_sanitizer": true,
      "shared_bound_file_debug": true,
      "shared_bound_file_miri": true,
      "shared_bound_file_release": true,
      "stale_and_recycled_ids_rejected": true,
      "wrong_owner_rejected": true
    },
    "passed_rows": 7
  },
  "v1_external_archive_sha256": "e5d1cd6553bb2e848d0917b86109373431527d169bfd380ac7a599d5cd5627da"
}
