{
  "acceptance_evidence": false,
  "diagnostic_only": true,
  "historical_go_report_sha256": "1c8dc74fb5c3d6d3ef5e6a8f37595c8d9dbacc7ba1f1ed0b7bef21bfb5fad5dd",
  "manifest_sha256": {
    "candidate": "f9be0d8883ecb5b39f5dc7a09e6c47baa01519f3551d16c7fcd9c1d95fcda854",
    "control": "3a57976f667b9857891edbe9f76de5261c43480ac8c62d946b4545d9ee19d931"
  },
  "modes": {
    "1": {
      "allocated_bytes": {
        "candidate_median": 2302069849,
        "candidate_minus_control": -2340499994,
        "candidate_minus_historical_budget": 266843749.8,
        "candidate_ratio_to_historical_go": 0.7917788077370976,
        "candidate_relative_mad": 2.8496094516200756e-07,
        "control_median": 4642569843,
        "control_minus_historical_budget": 2607343743.8,
        "control_relative_mad": 9.649827900284321e-08,
        "fresh_go_confidence_bound": null,
        "historical_budget": 2035226099.2,
        "historical_budget_exact": {
          "denominator": 5,
          "numerator": 10176130496
        },
        "historical_go_median": 2907465856,
        "same_screen_bootstrap": null,
        "same_screen_ratio": 0.4958611128857927
      },
      "peak_rss_bytes": {
        "candidate_median": 2316779520,
        "candidate_minus_control": -2189934592,
        "candidate_minus_historical_budget": 107831296.0,
        "candidate_ratio_to_historical_go": 0.7341709716777861,
        "candidate_relative_mad": 7.071885718326792e-06,
        "control_median": 4506714112,
        "control_minus_historical_budget": 2297765888.0,
        "control_relative_mad": 7.270929370192098e-06,
        "fresh_go_confidence_bound": null,
        "historical_budget": 2208948224.0,
        "historical_budget_exact": {
          "denominator": 1,
          "numerator": 2208948224
        },
        "historical_go_median": 3155640320,
        "same_screen_bootstrap": null,
        "same_screen_ratio": 0.5140728837960068
      },
      "wall_time_ns": {
        "candidate_median": 3908289208,
        "candidate_minus_control": -638302250,
        "candidate_minus_historical_budget": 970662333.0,
        "candidate_ratio_to_historical_go": 1.3304239695179123,
        "candidate_relative_mad": 0.008229314743178544,
        "control_median": 4546591458,
        "control_minus_historical_budget": 1608964583.0,
        "control_relative_mad": 0.002312648078704942,
        "fresh_go_confidence_bound": null,
        "historical_budget": 2937626875.0,
        "historical_budget_exact": {
          "denominator": 1,
          "numerator": 2937626875
        },
        "historical_go_median": 2937626875,
        "same_screen_bootstrap": {
          "algorithm": "independent-median-ratio/order-statistic-v1",
          "confidence": 0.95,
          "lower": 0.8456268243236356,
          "resamples": 10000,
          "seed": 21255,
          "upper": 0.8809530426029709
        },
        "same_screen_ratio": 0.8596086197987134
      }
    },
    "8": {
      "allocated_bytes": {
        "candidate_median": 2302071412,
        "candidate_minus_control": -2340500124,
        "candidate_minus_historical_budget": 266304817.6,
        "candidate_ratio_to_historical_go": 0.7915691282255968,
        "candidate_relative_mad": 4.161469513961368e-07,
        "control_median": 4642571536,
        "control_minus_historical_budget": 2606804941.6,
        "control_relative_mad": 1.0382177124518518e-07,
        "fresh_go_confidence_bound": null,
        "historical_budget": 2035766594.4,
        "historical_budget_exact": {
          "denominator": 5,
          "numerator": 10178832972
        },
        "historical_go_median": 2908237992,
        "same_screen_bootstrap": null,
        "same_screen_ratio": 0.4958612687276856
      },
      "peak_rss_bytes": {
        "candidate_median": 2320007168,
        "candidate_minus_control": -2189213696,
        "candidate_minus_historical_budget": 102961971.2,
        "candidate_ratio_to_historical_go": 0.7325087553217354,
        "candidate_relative_mad": 2.8248188584906993e-05,
        "control_median": 4509220864,
        "control_minus_historical_budget": 2292175667.2,
        "control_relative_mad": 1.0900331006718238e-05,
        "fresh_go_confidence_bound": null,
        "historical_budget": 2217045196.8,
        "historical_budget_exact": {
          "denominator": 5,
          "numerator": 11085225984
        },
        "historical_go_median": 3167207424,
        "same_screen_bootstrap": null,
        "same_screen_ratio": 0.5145028904044386
      },
      "wall_time_ns": {
        "candidate_median": 890372083,
        "candidate_minus_control": -172599126,
        "candidate_minus_historical_budget": 256409250.0,
        "candidate_ratio_to_historical_go": 1.4044547040504503,
        "candidate_relative_mad": 0.009550735206508041,
        "control_median": 1062971209,
        "control_minus_historical_budget": 429008376.0,
        "control_relative_mad": 0.0049704629394153235,
        "fresh_go_confidence_bound": null,
        "historical_budget": 633962833.0,
        "historical_budget_exact": {
          "denominator": 1,
          "numerator": 633962833
        },
        "historical_go_median": 633962833,
        "same_screen_bootstrap": {
          "algorithm": "independent-median-ratio/order-statistic-v1",
          "confidence": 0.95,
          "lower": 0.8263346949092618,
          "resamples": 10000,
          "seed": 21255,
          "upper": 0.8543781791034594
        },
        "same_screen_ratio": 0.8376257752433631
      }
    }
  },
  "scope": "Same-screen candidate/control comparison; old Go medians only price gate distance. No fresh Go ratio confidence or promotion decision.",
  "screen_sha256": "b9d5cef9fb50504ab5c6aa8edeb1bdc8f76c79b8183edee22a56bce8f89f3337",
  "screening_status": "eligible_for_review"
}
{
  "diagnostic_only": true,
  "no_workload_or_compiler_execution": true,
  "verified_members": 1355,
  "candidate_manifest_sha256": "f9be0d8883ecb5b39f5dc7a09e6c47baa01519f3551d16c7fcd9c1d95fcda854",
  "source_files": 288,
  "graphs": [
    {
      "workers": 1,
      "files": 13094,
      "parity": 1.0
    },
    {
      "workers": 8,
      "files": 13094,
      "parity": 1.0
    }
  ],
  "samples": 56,
  "warmups": 8,
  "screen": {
    "modes": {
      "1": {
        "wall_time_ns": {
          "control_median": 4546591458,
          "candidate_median": 3908289208,
          "ratio": 0.8596086197987134,
          "control_relative_mad": 0.002312648078704942,
          "candidate_relative_mad": 0.008229314743178544,
          "bootstrap": {
            "algorithm": "independent-median-ratio/order-statistic-v1",
            "seed": 21255,
            "resamples": 10000,
            "confidence": 0.95,
            "lower": 0.8456268243236356,
            "upper": 0.8809530426029709
          },
          "samples_per_variant": 7,
          "values": {
            "control": [
              4539117125,
              4549515167,
              4621019791,
              4546591458,
              4664411250,
              4532855916,
              4536076792
            ],
            "candidate": [
              3907658291,
              4016612750,
              3998749042,
              3876126666,
              3908289208,
              3867920708,
              3939668958
            ]
          },
          "ranges": {
            "control": [
              4532855916,
              4664411250
            ],
            "candidate": [
              3867920708,
              4016612750
            ]
          }
        },
        "peak_rss_bytes": {
          "control_median": 4506714112,
          "candidate_median": 2316779520,
          "ratio": 0.5140728837960068,
          "control_relative_mad": 7.270929370192098e-06,
          "candidate_relative_mad": 7.071885718326792e-06,
          "samples_per_variant": 7,
          "values": {
            "control": [
              4506763264,
              4506714112,
              4506730496,
              4506533888,
              4506730496,
              4506681344,
              4506648576
            ],
            "candidate": [
              2316779520,
              2316795904,
              2316730368,
              2316779520,
              2316713984,
              2316779520,
              2316713984
            ]
          },
          "ranges": {
            "control": [
              4506533888,
              4506763264
            ],
            "candidate": [
              2316713984,
              2316795904
            ]
          }
        },
        "allocated_bytes": {
          "control_median": 4642569843,
          "candidate_median": 2302069849,
          "ratio": 0.4958611128857927,
          "control_relative_mad": 9.649827900284321e-08,
          "candidate_relative_mad": 2.8496094516200756e-07,
          "samples_per_variant": 7,
          "values": {
            "control": [
              4642569843,
              4642569203,
              4642570291,
              4642566147,
              4642569843,
              4642569475,
              4642572883
            ],
            "candidate": [
              2302063577,
              2302070505,
              2302069561,
              2302069849,
              2302069849,
              2302067721,
              2302071785
            ]
          },
          "ranges": {
            "control": [
              4642566147,
              4642572883
            ],
            "candidate": [
              2302063577,
              2302071785
            ]
          }
        }
      },
      "8": {
        "wall_time_ns": {
          "control_median": 1062971209,
          "candidate_median": 890372083,
          "ratio": 0.8376257752433631,
          "control_relative_mad": 0.0049704629394153235,
          "candidate_relative_mad": 0.009550735206508041,
          "bootstrap": {
            "algorithm": "independent-median-ratio/order-statistic-v1",
            "seed": 21255,
            "resamples": 10000,
            "confidence": 0.95,
            "lower": 0.8263346949092618,
            "upper": 0.8543781791034594
          },
          "samples_per_variant": 7,
          "values": {
            "control": [
              1057687750,
              1057993250,
              1062971209,
              1061064084,
              1160309125,
              1069755916,
              1076207334
            ],
            "candidate": [
              938405916,
              881868375,
              884272083,
              890372083,
              889307459,
              906550000,
              901262708
            ]
          },
          "ranges": {
            "control": [
              1057687750,
              1160309125
            ],
            "candidate": [
              881868375,
              938405916
            ]
          }
        },
        "peak_rss_bytes": {
          "control_median": 4509220864,
          "candidate_median": 2320007168,
          "ratio": 0.5145028904044386,
          "control_relative_mad": 1.0900331006718238e-05,
          "candidate_relative_mad": 2.8248188584906993e-05,
          "samples_per_variant": 7,
          "values": {
            "control": [
              4509220864,
              4509286400,
              4509220864,
              4509319168,
              4509171712,
              4509138944,
              4509204480
            ],
            "candidate": [
              2320056320,
              2319925248,
              2320302080,
              2320023552,
              2319941632,
              2320007168,
              2319925248
            ]
          },
          "ranges": {
            "control": [
              4509138944,
              4509319168
            ],
            "candidate": [
              2319925248,
              2320302080
            ]
          }
        },
        "allocated_bytes": {
          "control_median": 4642571536,
          "candidate_median": 2302071412,
          "ratio": 0.4958612687276856,
          "control_relative_mad": 1.0382177124518518e-07,
          "candidate_relative_mad": 4.161469513961368e-07,
          "samples_per_variant": 7,
          "values": {
            "control": [
              4642569902,
              4642571536,
              4642569262,
              4642571920,
              4642571054,
              4642571792,
              4642572446
            ],
            "candidate": [
              2302067780,
              2302072694,
              2302072134,
              2302071412,
              2302070454,
              2302069846,
              2302072068
            ]
          },
          "ranges": {
            "control": [
              4642569262,
              4642572446
            ],
            "candidate": [
              2302067780,
              2302072694
            ]
          }
        }
      }
    },
    "screening_status": "eligible_for_review",
    "nonregression_conditions_met": true,
    "targeted_pipeline_win": true,
    "requires_separate_target_cost_and_semantic_review": true
  },
  "local_scope_paths": [
    {
      "bound_in_place_files": 13094,
      "checked_scope_files": 0,
      "fallback_files": 0,
      "files": 13094,
      "loaded_input_sha256": "d4ff2ad3b0d590babb596522a7105d961dbb3c4f2ebc987488d88b7ebd8e0c88",
      "local_scope_files": 13094,
      "version": 1,
      "workers": 1
    },
    {
      "bound_in_place_files": 13094,
      "checked_scope_files": 0,
      "fallback_files": 0,
      "files": 13094,
      "loaded_input_sha256": "d4ff2ad3b0d590babb596522a7105d961dbb3c4f2ebc987488d88b7ebd8e0c88",
      "local_scope_files": 13094,
      "version": 1,
      "workers": 8
    }
  ],
  "historical_distances_replayed": true,
  "phase": {
    "bound_in_place_files": 13094,
    "build_manifest_sha256": "05003a00a249b4946c0a126e370644b6f7013242d0b4415d83306beb697ef4d0",
    "candidate_manifest_sha256": "f9be0d8883ecb5b39f5dc7a09e6c47baa01519f3551d16c7fcd9c1d95fcda854",
    "diagnostic_only": true,
    "integer_nanoseconds": {
      "bind_and_publication_ns": 1639655704,
      "parse_ns": 2230553404,
      "phase_sum_ns": 3870209108,
      "pipeline_outside_phase_ns": 13470726,
      "pipeline_wall_ns": 3883679834
    },
    "limits": [
      "One one-worker elapsed diagnostic; no Go ratio, median, confidence bound or acceptance claim.",
      "Bind includes consuming publication and validation; per-file elapsed includes timer/descheduling cost."
    ],
    "numerical_checks": [
      "strict counters/digest/domain match",
      "raw equals recorded observation",
      "positive phase sum <= pipeline",
      "nonnegative pipeline residual recomputed",
      "exact decimal seconds derived from integer nanoseconds"
    ],
    "performance_screen": false,
    "published_files": 0,
    "raw_sha256": "9869ff88413a6f1f31b76595b16e560ffd4b122a26ae4e7d0e77c013c914ab2f",
    "seconds_decimal": {
      "bind_and_publication": "1.639655704",
      "parse": "2.230553404",
      "phase_sum": "3.870209108",
      "pipeline_outside_phase": "0.013470726",
      "pipeline_wall": "3.883679834"
    },
    "status": "verified",
    "work": {
      "bind_diagnostics": 5250,
      "files": 13094,
      "loaded_bytes": 161740237,
      "loaded_input_sha256": "d4ff2ad3b0d590babb596522a7105d961dbb3c4f2ebc987488d88b7ebd8e0c88",
      "nodes": 19593488,
      "parse_diagnostics": 423,
      "symbols": 2459867
    }
  },
  "full_producers": [
    {
      "attempt": "attempt-2",
      "status": "failed",
      "runs": [
        {
          "run": "binder",
          "pass": true,
          "returncode": 0
        },
        {
          "run": "e3",
          "pass": false,
          "returncode": 0
        }
      ]
    }
  ]
}
